7
A,C
1,3
1,4
4,6
4,7
5,7
7,9
7,23
C,d
3,3
4,4
6,6
7,49
9,9
23,23
